// Jest Snapshot v1, https://goo.gl/fbAQLP

exports[`Render correctly Catalog component 1`] = `
<section
  className="catalog"
>
  <h2
    className="catalog__title visually-hidden"
  >
    Catalog
  </h2>
  <ul
    className="catalog__genres-list"
  >
    <li
      className="catalog__genres-item catalog__genres-item--active"
    >
      <a
        className="catalog__genres-link"
        href="#"
      >
        All genres
      </a>
    </li>
    <li
      className="catalog__genres-item"
    >
      <a
        className="catalog__genres-link"
        href="#"
      >
        Comedies
      </a>
    </li>
    <li
      className="catalog__genres-item"
    >
      <a
        className="catalog__genres-link"
        href="#"
      >
        Crime
      </a>
    </li>
    <li
      className="catalog__genres-item"
    >
      <a
        className="catalog__genres-link"
        href="#"
      >
        Documentary
      </a>
    </li>
    <li
      className="catalog__genres-item"
    >
      <a
        className="catalog__genres-link"
        href="#"
      >
        Dramas
      </a>
    </li>
    <li
      className="catalog__genres-item"
    >
      <a
        className="catalog__genres-link"
        href="#"
      >
        Horror
      </a>
    </li>
    <li
      className="catalog__genres-item"
    >
      <a
        className="catalog__genres-link"
        href="#"
      >
        Kids & Family
      </a>
    </li>
    <li
      className="catalog__genres-item"
    >
      <a
        className="catalog__genres-link"
        href="#"
      >
        Romance
      </a>
    </li>
    <li
      className="catalog__genres-item"
    >
      <a
        className="catalog__genres-link"
        href="#"
      >
        Sci-Fi
      </a>
    </li>
    <li
      className="catalog__genres-item"
    >
      <a
        className="catalog__genres-link"
        href="#"
      >
        Thrillers
      </a>
    </li>
  </ul>
  <div
    className="catalog__movies-list"
  >
    <article
      className="small-movie-card catalog__movies-card"
      onMouseEnter={[Function]}
      onMouseLeave={[Function]}
      style={
        Object {
          "willChange": "transform",
        }
      }
    >
      <div
        className="small-movie-card__image"
      >
        <video
          style={
            Object {
              "display": "block",
              "height": "100%",
              "objectFit": "fill",
              "width": "100%",
            }
          }
        />
      </div>
      <h3
        className="small-movie-card__title"
      >
        <a
          className="small-movie-card__link"
          href="/details"
        >
          Fantastic Beasts: The Crimes of Grindelwald
        </a>
      </h3>
    </article>
    <article
      className="small-movie-card catalog__movies-card"
      onMouseEnter={[Function]}
      onMouseLeave={[Function]}
      style={
        Object {
          "willChange": "transform",
        }
      }
    >
      <div
        className="small-movie-card__image"
      >
        <video
          style={
            Object {
              "display": "block",
              "height": "100%",
              "objectFit": "fill",
              "width": "100%",
            }
          }
        />
      </div>
      <h3
        className="small-movie-card__title"
      >
        <a
          className="small-movie-card__link"
          href="/details"
        >
          Johnny English
        </a>
      </h3>
    </article>
    <article
      className="small-movie-card catalog__movies-card"
      onMouseEnter={[Function]}
      onMouseLeave={[Function]}
      style={
        Object {
          "willChange": "transform",
        }
      }
    >
      <div
        className="small-movie-card__image"
      >
        <video
          style={
            Object {
              "display": "block",
              "height": "100%",
              "objectFit": "fill",
              "width": "100%",
            }
          }
        />
      </div>
      <h3
        className="small-movie-card__title"
      >
        <a
          className="small-movie-card__link"
          href="/details"
        >
          Shutter Island
        </a>
      </h3>
    </article>
    <article
      className="small-movie-card catalog__movies-card"
      onMouseEnter={[Function]}
      onMouseLeave={[Function]}
      style={
        Object {
          "willChange": "transform",
        }
      }
    >
      <div
        className="small-movie-card__image"
      >
        <video
          style={
            Object {
              "display": "block",
              "height": "100%",
              "objectFit": "fill",
              "width": "100%",
            }
          }
        />
      </div>
      <h3
        className="small-movie-card__title"
      >
        <a
          className="small-movie-card__link"
          href="/details"
        >
          Macbeth
        </a>
      </h3>
    </article>
    <article
      className="small-movie-card catalog__movies-card"
      onMouseEnter={[Function]}
      onMouseLeave={[Function]}
      style={
        Object {
          "willChange": "transform",
        }
      }
    >
      <div
        className="small-movie-card__image"
      >
        <video
          style={
            Object {
              "display": "block",
              "height": "100%",
              "objectFit": "fill",
              "width": "100%",
            }
          }
        />
      </div>
      <h3
        className="small-movie-card__title"
      >
        <a
          className="small-movie-card__link"
          href="/details"
        >
          Aviator
        </a>
      </h3>
    </article>
  </div>
  <div
    className="catalog__more"
  >
    <button
      className="catalog__button"
      type="button"
    >
      Show more
    </button>
  </div>
</section>
`;
