// Jest Snapshot v1, https://goo.gl/fbAQLP

exports[`Render correctly Player component 1`] = `
<div
  className="player"
>
  <video
    style={
      Object {
        "display": "block",
        "height": "100%",
        "left": "50%",
        "minHeight": "100%",
        "minWidth": "100%",
        "objectFit": "fill",
        "position": "absolute",
        "top": "50%",
        "transform": "translate(-50%, -50%)",
        "width": "100%",
      }
    }
  />
  <button
    className="player__exit"
    onClick={[MockFunction]}
    type="button"
  >
    Exit
  </button>
  <div
    className="player__controls"
  >
    <div
      className="player__controls-row"
    />
    <div
      className="player__controls-row"
    >
      <div
        className="player__name"
      >
        DanteStrike
      </div>
    </div>
  </div>
</div>
`;
