// Jest Snapshot v1, https://goo.gl/fbAQLP

exports[`Render correctly CatalogLikeThis component 1`] = `
<section
  className="catalog"
>
  <h2
    className="catalog__title visually-hidden"
  >
    Catalog
  </h2>
  <ul
    className="catalog__genres-list"
  >
    <li
      className="catalog__genres-item catalog__genres-item--active"
    >
      <a
        className="catalog__genres-link"
        href="#"
        onClick={[Function]}
      >
        All genre
      </a>
    </li>
  </ul>
  <div
    className="catalog__movies-list"
  />
</section>
`;
