// Jest Snapshot v1, https://goo.gl/fbAQLP

exports[`Render correctly VideoPlayer component 1`] = `
<video
  style={
    Object {
      "backgroundColor": "black",
      "display": "block",
      "height": "100%",
      "left": "50%",
      "minHeight": "100%",
      "minWidth": "100%",
      "position": "absolute",
      "top": "50%",
      "transform": "translate(-50%, -50%)",
      "width": "100%",
    }
  }
/>
`;
