// Jest Snapshot v1, https://goo.gl/fbAQLP

exports[`Render correctly MoviesList component 1`] = `
<div
  className="catalog__movies-list"
>
  <article
    className="small-movie-card catalog__movies-card"
    onMouseEnter={[Function]}
    onMouseLeave={[Function]}
    style={
      Object {
        "willChange": "transform",
      }
    }
  >
    <div
      className="small-movie-card__image"
    >
      <video
        style={
          Object {
            "display": "block",
            "height": "100%",
            "objectFit": "fill",
            "width": "100%",
          }
        }
      />
    </div>
    <h3
      className="small-movie-card__title"
    >
      <a
        className="small-movie-card__link"
        href="/details"
      >
        Fantastic Beasts: The Crimes of Grindelwald
      </a>
    </h3>
  </article>
  <article
    className="small-movie-card catalog__movies-card"
    onMouseEnter={[Function]}
    onMouseLeave={[Function]}
    style={
      Object {
        "willChange": "transform",
      }
    }
  >
    <div
      className="small-movie-card__image"
    >
      <video
        style={
          Object {
            "display": "block",
            "height": "100%",
            "objectFit": "fill",
            "width": "100%",
          }
        }
      />
    </div>
    <h3
      className="small-movie-card__title"
    >
      <a
        className="small-movie-card__link"
        href="/details"
      >
        Johnny English
      </a>
    </h3>
  </article>
  <article
    className="small-movie-card catalog__movies-card"
    onMouseEnter={[Function]}
    onMouseLeave={[Function]}
    style={
      Object {
        "willChange": "transform",
      }
    }
  >
    <div
      className="small-movie-card__image"
    >
      <video
        style={
          Object {
            "display": "block",
            "height": "100%",
            "objectFit": "fill",
            "width": "100%",
          }
        }
      />
    </div>
    <h3
      className="small-movie-card__title"
    >
      <a
        className="small-movie-card__link"
        href="/details"
      >
        Shutter Island
      </a>
    </h3>
  </article>
  <article
    className="small-movie-card catalog__movies-card"
    onMouseEnter={[Function]}
    onMouseLeave={[Function]}
    style={
      Object {
        "willChange": "transform",
      }
    }
  >
    <div
      className="small-movie-card__image"
    >
      <video
        style={
          Object {
            "display": "block",
            "height": "100%",
            "objectFit": "fill",
            "width": "100%",
          }
        }
      />
    </div>
    <h3
      className="small-movie-card__title"
    >
      <a
        className="small-movie-card__link"
        href="/details"
      >
        Macbeth
      </a>
    </h3>
  </article>
  <article
    className="small-movie-card catalog__movies-card"
    onMouseEnter={[Function]}
    onMouseLeave={[Function]}
    style={
      Object {
        "willChange": "transform",
      }
    }
  >
    <div
      className="small-movie-card__image"
    >
      <video
        style={
          Object {
            "display": "block",
            "height": "100%",
            "objectFit": "fill",
            "width": "100%",
          }
        }
      />
    </div>
    <h3
      className="small-movie-card__title"
    >
      <a
        className="small-movie-card__link"
        href="/details"
      >
        Aviator
      </a>
    </h3>
  </article>
</div>
`;
