// Jest Snapshot v1, https://goo.gl/fbAQLP

exports[`Render correctly MoviesList component 1`] = `
<div
  className="catalog__movies-list"
>
  <article
    className="small-movie-card catalog__movies-card"
    onMouseEnter={[Function]}
    onMouseLeave={[Function]}
    style={
      Object {
        "willChange": "transform",
      }
    }
  >
    <a
      href="/films/1"
      onClick={[Function]}
      style={
        Object {
          "color": "unset",
          "textDecoration": "none",
        }
      }
    >
      <div
        className="small-movie-card__image"
      >
        <video
          preload="none"
          src="src"
          style={
            Object {
              "display": "block",
              "height": "100%",
              "objectFit": "fill",
              "width": "100%",
            }
          }
        />
      </div>
      <h3
        className="small-movie-card__title"
      >
        name
      </h3>
    </a>
  </article>
</div>
`;
