// Jest Snapshot v1, https://goo.gl/fbAQLP

exports[`Render correctly SetupAppErrorPage component 1`] = `
<div
  className="user-page"
>
  <div
    className="user-page__content"
    style={
      Object {
        "display": "flex",
      }
    }
  >
    <div
      style={
        Object {
          "margin": "auto",
        }
      }
    >
      <h1>
        Something goes wrong on setup App
      </h1>
      <p>
        Error code: 
        400
      </p>
      <p
        style={
          Object {
            "marginBottom": "60px",
          }
        }
      >
        Any
      </p>
      <button
        className="btn"
        onClick={[MockFunction]}
        style={
          Object {
            "border": "1px solid rgba(217,205,141,.41)",
            "borderRadius": "8px",
            "color": "#d9cd8d",
            "cursor": "pointer",
            "fontSize": "30px",
            "lineHeight": "44px",
            "margin": "auto",
            "textAlign": "center",
            "transition": "border-color .2s",
          }
        }
      >
        Retry
      </button>
    </div>
  </div>
</div>
`;
