// Jest Snapshot v1, https://goo.gl/fbAQLP

exports[`Render correctly MovieCard component 1`] = `
<article
  className="small-movie-card catalog__movies-card"
  onMouseEnter={[MockFunction]}
  onMouseLeave={[MockFunction]}
  style={
    Object {
      "willChange": "transform",
    }
  }
>
  <a
    href="/films/1"
    onClick={[Function]}
    style={
      Object {
        "color": "unset",
        "textDecoration": "none",
      }
    }
  >
    <div
      className="small-movie-card__image"
    />
    <h3
      className="small-movie-card__title"
    >
      Johnny English
    </h3>
  </a>
</article>
`;
