// Jest Snapshot v1, https://goo.gl/fbAQLP

exports[`Render correctly MovieCard component 1`] = `
<article
  className="small-movie-card catalog__movies-card"
  onMouseEnter={[MockFunction]}
  onMouseLeave={[MockFunction]}
  style={
    Object {
      "willChange": "transform",
    }
  }
>
  <div
    className="small-movie-card__image"
  />
  <h3
    className="small-movie-card__title"
  >
    <a
      className="small-movie-card__link"
      href="#"
    >
      Johnny English
    </a>
  </h3>
</article>
`;
